// Jest Snapshot v1, https://goo.gl/fbAQLP

exports[`Home page snapshot snapshot home page 1`] = `Promise {}`;
